371 INFO: PyInstaller: 6.20.0, contrib hooks: 2026.5
394 INFO: Python: 3.12.0
460 INFO: Platform: Windows-11-10.0.22631-SP0
469 INFO: Python environment: C:\Users\user\AppData\Local\Programs\Python\Python312
483 INFO: Removing temporary files and cleaning cache in C:\Users\user\AppData\Local\pyinstaller
513 INFO: Module search paths (PYTHONPATH):
['D:\\251210-백업\\백업_251121\\폴더 모음\\이현주\\155._codex\\35_단축키 프로그램',
 'C:\\Users\\user\\AppData\\Local\\Programs\\Python\\Python312\\python312.zip',
 'C:\\Users\\user\\AppData\\Local\\Programs\\Python\\Python312\\DLLs',
 'C:\\Users\\user\\AppData\\Local\\Programs\\Python\\Python312\\Lib',
 'C:\\Users\\user\\AppData\\Local\\Programs\\Python\\Python312',
 'C:\\Users\\user\\AppData\\Local\\Programs\\Python\\Python312\\Lib\\site-packages',
 'C:\\Users\\user\\AppData\\Local\\Programs\\Python\\Python312\\Lib\\site-packages\\win32',
 'C:\\Users\\user\\AppData\\Local\\Programs\\Python\\Python312\\Lib\\site-packages\\win32\\lib',
 'C:\\Users\\user\\AppData\\Local\\Programs\\Python\\Python312\\Lib\\site-packages\\Pythonwin',
 'D:\\251210-백업\\백업_251121\\폴더 모음\\이현주\\155._codex\\35_단축키 프로그램']
1554 INFO: Appending 'binaries' from .spec
1562 INFO: Appending 'datas' from .spec
1563 INFO: checking Analysis
1563 INFO: Building Analysis because Analysis-00.toc is non existent
1563 INFO: Looking for Python shared library...
1563 INFO: Using Python shared library: C:\Users\user\AppData\Local\Programs\Python\Python312\python312.dll
1563 INFO: Running Analysis Analysis-00.toc
1565 INFO: Target bytecode optimization level: 1
1565 INFO: Initializing module dependency graph...
1569 INFO: Initializing module graph hook caches...
1617 INFO: Analyzing modules for base_library.zip ...
3899 INFO: Processing standard module hook 'hook-encodings.py' from 'C:\\Users\\user\\AppData\\Local\\Programs\\Python\\Python312\\Lib\\site-packages\\PyInstaller\\hooks'
4827 INFO: Processing standard module hook 'hook-heapq.py' from 'C:\\Users\\user\\AppData\\Local\\Programs\\Python\\Python312\\Lib\\site-packages\\PyInstaller\\hooks'
6372 INFO: Processing standard module hook 'hook-pickle.py' from 'C:\\Users\\user\\AppData\\Local\\Programs\\Python\\Python312\\Lib\\site-packages\\PyInstaller\\hooks'
8083 INFO: Caching module dependency graph...
8144 INFO: Analyzing D:\251210-백업\백업_251121\폴더 모음\이현주\155._codex\35_단축키 프로그램\A_shortcut_launcher.py
8173 INFO: Processing standard module hook 'hook-sqlite3.py' from 'C:\\Users\\user\\AppData\\Local\\Programs\\Python\\Python312\\Lib\\site-packages\\PyInstaller\\hooks'
8964 INFO: Processing standard module hook 'hook-PyQt6.py' from 'C:\\Users\\user\\AppData\\Local\\Programs\\Python\\Python312\\Lib\\site-packages\\PyInstaller\\hooks'
9892 INFO: Processing standard module hook 'hook-PyQt6.QtWidgets.py' from 'C:\\Users\\user\\AppData\\Local\\Programs\\Python\\Python312\\Lib\\site-packages\\PyInstaller\\hooks'
13215 INFO: Processing standard module hook 'hook-PyQt6.QtCore.py' from 'C:\\Users\\user\\AppData\\Local\\Programs\\Python\\Python312\\Lib\\site-packages\\PyInstaller\\hooks'
18803 INFO: Processing standard module hook 'hook-PyQt6.QtGui.py' from 'C:\\Users\\user\\AppData\\Local\\Programs\\Python\\Python312\\Lib\\site-packages\\PyInstaller\\hooks'
37844 INFO: Processing standard module hook 'hook-_ctypes.py' from 'C:\\Users\\user\\AppData\\Local\\Programs\\Python\\Python312\\Lib\\site-packages\\PyInstaller\\hooks'
39045 INFO: Processing standard module hook 'hook-pythoncom.py' from 'C:\\Users\\user\\AppData\\Local\\Programs\\Python\\Python312\\Lib\\site-packages\\_pyinstaller_hooks_contrib\\stdhooks'
39305 INFO: Processing standard module hook 'hook-pywintypes.py' from 'C:\\Users\\user\\AppData\\Local\\Programs\\Python\\Python312\\Lib\\site-packages\\_pyinstaller_hooks_contrib\\stdhooks'
39531 INFO: Processing pre-safe-import-module hook 'hook-win32com.py' from 'C:\\Users\\user\\AppData\\Local\\Programs\\Python\\Python312\\Lib\\site-packages\\_pyinstaller_hooks_contrib\\pre_safe_import_module'
39782 INFO: Processing standard module hook 'hook-win32com.py' from 'C:\\Users\\user\\AppData\\Local\\Programs\\Python\\Python312\\Lib\\site-packages\\_pyinstaller_hooks_contrib\\stdhooks'
40622 INFO: Processing standard module hook 'hook-openpyxl.py' from 'C:\\Users\\user\\AppData\\Local\\Programs\\Python\\Python312\\Lib\\site-packages\\_pyinstaller_hooks_contrib\\stdhooks'
41662 INFO: Processing standard module hook 'hook-numpy.py' from 'C:\\Users\\user\\AppData\\Local\\Programs\\Python\\Python312\\Lib\\site-packages\\PyInstaller\\hooks'
42402 INFO: Processing pre-safe-import-module hook 'hook-typing_extensions.py' from 'C:\\Users\\user\\AppData\\Local\\Programs\\Python\\Python312\\Lib\\site-packages\\PyInstaller\\hooks\\pre_safe_import_module'
42405 INFO: SetuptoolsInfo: initializing cached setuptools info...
44883 INFO: Processing standard module hook 'hook-multiprocessing.util.py' from 'C:\\Users\\user\\AppData\\Local\\Programs\\Python\\Python312\\Lib\\site-packages\\PyInstaller\\hooks'
45048 INFO: Processing standard module hook 'hook-xml.py' from 'C:\\Users\\user\\AppData\\Local\\Programs\\Python\\Python312\\Lib\\site-packages\\PyInstaller\\hooks'
46270 INFO: Processing standard module hook 'hook-platform.py' from 'C:\\Users\\user\\AppData\\Local\\Programs\\Python\\Python312\\Lib\\site-packages\\PyInstaller\\hooks'
46408 INFO: Processing standard module hook 'hook-sysconfig.py' from 'C:\\Users\\user\\AppData\\Local\\Programs\\Python\\Python312\\Lib\\site-packages\\PyInstaller\\hooks'
47933 INFO: Processing standard module hook 'hook-difflib.py' from 'C:\\Users\\user\\AppData\\Local\\Programs\\Python\\Python312\\Lib\\site-packages\\PyInstaller\\hooks'
48300 INFO: Processing standard module hook 'hook-psutil.py' from 'C:\\Users\\user\\AppData\\Local\\Programs\\Python\\Python312\\Lib\\site-packages\\_pyinstaller_hooks_contrib\\stdhooks'
48679 INFO: Processing standard module hook 'hook-charset_normalizer.py' from 'C:\\Users\\user\\AppData\\Local\\Programs\\Python\\Python312\\Lib\\site-packages\\_pyinstaller_hooks_contrib\\stdhooks'
49621 INFO: Processing standard module hook 'hook-lxml.py' from 'C:\\Users\\user\\AppData\\Local\\Programs\\Python\\Python312\\Lib\\site-packages\\_pyinstaller_hooks_contrib\\stdhooks'
50587 INFO: Processing standard module hook 'hook-lxml.etree.py' from 'C:\\Users\\user\\AppData\\Local\\Programs\\Python\\Python312\\Lib\\site-packages\\_pyinstaller_hooks_contrib\\stdhooks'
50814 INFO: Processing standard module hook 'hook-xml.etree.cElementTree.py' from 'C:\\Users\\user\\AppData\\Local\\Programs\\Python\\Python312\\Lib\\site-packages\\PyInstaller\\hooks'
51624 INFO: Processing standard module hook 'hook-PIL.py' from 'C:\\Users\\user\\AppData\\Local\\Programs\\Python\\Python312\\Lib\\site-packages\\PyInstaller\\hooks'
51720 INFO: Processing standard module hook 'hook-PIL.Image.py' from 'C:\\Users\\user\\AppData\\Local\\Programs\\Python\\Python312\\Lib\\site-packages\\PyInstaller\\hooks'
52674 INFO: Processing standard module hook 'hook-PIL.ImageFilter.py' from 'C:\\Users\\user\\AppData\\Local\\Programs\\Python\\Python312\\Lib\\site-packages\\PyInstaller\\hooks'
53945 INFO: Processing module hooks (post-graph stage)...
54247 INFO: Processing standard module hook 'hook-lxml.isoschematron.py' from 'C:\\Users\\user\\AppData\\Local\\Programs\\Python\\Python312\\Lib\\site-packages\\_pyinstaller_hooks_contrib\\stdhooks'
54714 INFO: Processing standard module hook 'hook-PIL.SpiderImagePlugin.py' from 'C:\\Users\\user\\AppData\\Local\\Programs\\Python\\Python312\\Lib\\site-packages\\PyInstaller\\hooks'
54775 INFO: Processing standard module hook 'hook-lxml.objectify.py' from 'C:\\Users\\user\\AppData\\Local\\Programs\\Python\\Python312\\Lib\\site-packages\\_pyinstaller_hooks_contrib\\stdhooks'
54785 INFO: Performing binary vs. data reclassification (139 entries)
55002 INFO: Looking for ctypes DLLs
55128 INFO: Analyzing run-time hooks ...
55128 INFO: Including custom run-time hook 'D:\\251210-백업\\백업_251121\\폴더 모음\\이현주\\155._codex\\35_단축키 프로그램\\pyqt6_runtime_hook.py'
55134 INFO: Including run-time hook 'pyi_rth_inspect.py' from 'C:\\Users\\user\\AppData\\Local\\Programs\\Python\\Python312\\Lib\\site-packages\\PyInstaller\\hooks\\rthooks'
55138 INFO: Including run-time hook 'pyi_rth_pywintypes.py' from 'C:\\Users\\user\\AppData\\Local\\Programs\\Python\\Python312\\Lib\\site-packages\\_pyinstaller_hooks_contrib\\rthooks'
55141 INFO: Including run-time hook 'pyi_rth_pythoncom.py' from 'C:\\Users\\user\\AppData\\Local\\Programs\\Python\\Python312\\Lib\\site-packages\\_pyinstaller_hooks_contrib\\rthooks'
55144 INFO: Including run-time hook 'pyi_rth_pkgutil.py' from 'C:\\Users\\user\\AppData\\Local\\Programs\\Python\\Python312\\Lib\\site-packages\\PyInstaller\\hooks\\rthooks'
55149 INFO: Including run-time hook 'pyi_rth_multiprocessing.py' from 'C:\\Users\\user\\AppData\\Local\\Programs\\Python\\Python312\\Lib\\site-packages\\PyInstaller\\hooks\\rthooks'
55153 INFO: Including run-time hook 'pyi_rth_pyqt6.py' from 'C:\\Users\\user\\AppData\\Local\\Programs\\Python\\Python312\\Lib\\site-packages\\PyInstaller\\hooks\\rthooks'
55156 INFO: Processing pre-find-module-path hook 'hook-_pyi_rth_utils.py' from 'C:\\Users\\user\\AppData\\Local\\Programs\\Python\\Python312\\Lib\\site-packages\\PyInstaller\\hooks\\pre_find_module_path'
55161 INFO: Processing standard module hook 'hook-_pyi_rth_utils.py' from 'C:\\Users\\user\\AppData\\Local\\Programs\\Python\\Python312\\Lib\\site-packages\\PyInstaller\\hooks'
55180 INFO: Creating base_library.zip...
Traceback (most recent call last):
  File "<frozen runpy>", line 198, in _run_module_as_main
  File "<frozen runpy>", line 88, in _run_code
  File "C:\Users\user\AppData\Local\Programs\Python\Python312\Lib\site-packages\PyInstaller\__main__.py", line 321, in <module>
    run()
  File "C:\Users\user\AppData\Local\Programs\Python\Python312\Lib\site-packages\PyInstaller\__main__.py", line 215, in run
    run_build(pyi_config, spec_file, **vars(args))
  File "C:\Users\user\AppData\Local\Programs\Python\Python312\Lib\site-packages\PyInstaller\__main__.py", line 70, in run_build
    PyInstaller.building.build_main.main(pyi_config, spec_file, **kwargs)
  File "C:\Users\user\AppData\Local\Programs\Python\Python312\Lib\site-packages\PyInstaller\building\build_main.py", line 1275, in main
    build(specfile, distpath, workpath, clean_build)
  File "C:\Users\user\AppData\Local\Programs\Python\Python312\Lib\site-packages\PyInstaller\building\build_main.py", line 1213, in build
    exec(code, spec_namespace)
  File "D:\251210-백업\백업_251121\폴더 모음\이현주\155._codex\35_단축키 프로그램\shortcut_launcher.spec", line 27, in <module>
    a = Analysis(
        ^^^^^^^^^
  File "C:\Users\user\AppData\Local\Programs\Python\Python312\Lib\site-packages\PyInstaller\building\build_main.py", line 584, in __init__
    self.__postinit__()
  File "C:\Users\user\AppData\Local\Programs\Python\Python312\Lib\site-packages\PyInstaller\building\datastruct.py", line 184, in __postinit__
    self.assemble()
  File "C:\Users\user\AppData\Local\Programs\Python\Python312\Lib\site-packages\PyInstaller\building\build_main.py", line 939, in assemble
    create_base_library_zip(base_library_zip, base_modules_toc, code_cache)
  File "C:\Users\user\AppData\Local\Programs\Python\Python312\Lib\site-packages\PyInstaller\building\utils.py", line 829, in create_base_library_zip
    with zipfile.ZipFile(filename, 'w') as zf:
         ^^^^^^^^^^^^^^^^^^^^^^^^^^^^^^
  File "C:\Users\user\AppData\Local\Programs\Python\Python312\Lib\zipfile\__init__.py", line 1320, in __init__
    self.fp = io.open(file, filemode)
              ^^^^^^^^^^^^^^^^^^^^^^^
FileNotFoundError: [Errno 2] No such file or directory: 'D:\\251210-백업\\백업_251121\\폴더 모음\\이현주\\155._codex\\35_단축키 프로그램\\.package-build\\shortcut_launcher\\base_library.zip'
Build finished without the expected staging executable: D:\251210-백업\백업_251121\폴더 모음\이현주\155._codex\35_단축
키 프로그램\release\toma_shortcut_program.exe
위치 D:\251210-백업\백업_251121\폴더 모음\이현주\155._codex\35_단축키 프로그램\build_release.ps1:31 문자:5
+     throw "Build finished without the expected staging executable: $S ...
+     ~~~~~~~~~~~~~~~~~~~~~~~~~~~~~~~~~~~~~~~~~~~~~~~~~~~~~~~~~~~~~~~~~
    + CategoryInfo          : OperationStopped: (Build finished ...cut_program.exe:String) [], RuntimeException
    + FullyQualifiedErrorId : Build finished without the expected staging executable: D:\251210-백업\백업_251121\폴더 
모음\이현주    \155._codex\35_단축키 프로그램\release\toma_shortcut_program.exe
 
